O O O O O B-artist_name
O O O O O B-artist_name I-artist_name
O O O O O O O O B-brightness I-brightness
O O O O O B-artist_name I-artist_name
O O O B-room O O O O B-brightness
O O O O O B-artist_name
B-playlist_name I-playlist_name O O O O
O O O O O O O O O B-artist_name I-artist_name
O O O O O B-artist_name
O O O O O B-artist_name I-artist_name
O O B-room O O B-brightness
O O O O O B-artist_name I-artist_name
O O O O O B-artist_name I-artist_name I-artist_name
O O O O O B-artist_name I-artist_name
O O O O B-room O O B-brightness
O O B-room B-brightness O O O
O O O O O B-artist_name I-artist_name
O O O O O B-artist_name I-artist_name
O O O O O B-artist_name I-artist_name
O O O O O B-artist_name
O O O O O B-artist_name
O O O O O B-artist_name I-artist_name
O O O O O B-artist_name
O O O O O B-artist_name I-artist_name
O O O O O B-artist_name
O O O O O O O O B-brightness
O O O O O B-artist_name I-artist_name
O O B-room O O B-brightness I-brightness
O O O B-volume_level_percent
O O O O O B-artist_name
O O O O O B-artist_name I-artist_name
O O O O O O O B-room
O O O B-room I-room O O B-brightness
O O O O O O
O O O O O B-artist_name
O O O O O B-artist_name I-artist_name I-artist_name I-artist_name I-artist_name I-artist_name
O O O O O B-artist_name I-artist_name I-artist_name
O O O O O B-room O B-brightness
O O O O O B-artist_name
O O O O O B-artist_name I-artist_name I-artist_name
O O O B-volume_level_absolute
O O O O O B-artist_name I-artist_name
O O B-volume_level_absolute
O O O O O B-artist_name I-artist_name I-artist_name
O O O O O B-artist_name
O O O O O B-artist_name I-artist_name
O O O O O B-artist_name I-artist_name
O O B-room O O B-brightness I-brightness
O B-song_name I-song_name
O O O O O B-artist_name I-artist_name
O O O B-room O B-brightness
O O O O O O O O B-brightness
O O O O B-brightness
O O O O O B-artist_name I-artist_name
O O O O O B-brightness
O O O O O B-artist_name
O O O O O O B-brightness
O O O O O B-artist_name I-artist_name
O O O O O B-artist_name I-artist_name
O O O O O B-artist_name
O O O O O B-artist_name I-artist_name
O O O O O B-artist_name
O O O O O B-volume_level_absolute
O O O O O B-artist_name I-artist_name
O O O B-volume_level_absolute
O O O O O B-artist_name I-artist_name
O O O O O B-artist_name
O O B-room I-room O O B-brightness
O O O O O B-artist_name I-artist_name
O O O O O B-artist_name I-artist_name
O O O O O B-artist_name I-artist_name
O O O O O B-artist_name I-artist_name
O O O B-room O O O B-brightness O
O O O O O B-artist_name
O O O O O B-artist_name
O O O O O B-artist_name
O O O O O B-artist_name
O O B-room I-room O O O B-brightness I-brightness
O O O O O B-artist_name I-artist_name
O O O O O B-artist_name I-artist_name
O O O O B-volume_level_absolute O O
O O O O O B-volume_level_absolute O O
O O O O O B-artist_name I-artist_name
O O O O O O O B-volume_level_absolute
O O O O O B-artist_name I-artist_name
O O O O O B-artist_name I-artist_name
O O O O B-room O O B-brightness
O O O O O O O O O B-volume_level_absolute
O O O O O B-artist_name I-artist_name
O O O O O B-artist_name
O O O O O B-volume_level_absolute
O O O O O B-artist_name
O O O O O B-artist_name
O B-album_name I-album_name I-album_name
O O O O O B-artist_name I-artist_name
O O O O O B-artist_name
O O O O O O O B-brightness
O O O O O B-artist_name
O O O O O B-artist_name I-artist_name
O O O O O B-artist_name
O O O O O B-artist_name I-artist_name
O O B-artist_name I-artist_name O
O O O O O B-artist_name I-artist_name
O O O O O B-artist_name I-artist_name
O O O O O B-artist_name
O O O O O B-artist_name
O O B-room O O O B-brightness O
O O O O B-volume_level_percent I-volume_level_percent
O O O O O B-artist_name I-artist_name
O O O O O B-artist_name I-artist_name
O O B-artist_name I-artist_name O
O O O O O B-artist_name
O O O O O B-artist_name I-artist_name
O O O O O B-artist_name I-artist_name
O O O B-volume_level_absolute
O O O O O B-artist_name I-artist_name
O O O O O B-artist_name
O O O O O B-artist_name I-artist_name
O O O O B-song_name I-song_name
O O O O O B-artist_name I-artist_name I-artist_name
O O O O O B-artist_name I-artist_name
O O O O O
O O B-color O
O O O O O B-artist_name I-artist_name
O O O O O B-artist_name I-artist_name
O O O O O B-artist_name I-artist_name
O O O O O B-artist_name I-artist_name
O O O O B-volume_level_absolute
O O O O O B-artist_name
O O O O O B-artist_name
O O O O O B-artist_name
O O O O O B-artist_name
O O O B-artist_name I-artist_name
O O O B-brightness
O O O O O B-artist_name
O O B-artist_name I-artist_name I-artist_name O
O O O O O B-artist_name I-artist_name
O O O O O B-artist_name I-artist_name
O O O O O O B-playlist_name I-playlist_name O O B-playlist_mode O
O B-artist_name I-artist_name O
O O O O O B-artist_name I-artist_name
O O O O O B-artist_name I-artist_name
O O O B-room O O O B-brightness I-brightness O
O O O B-room O O O O B-brightness I-brightness
O O O O O B-artist_name I-artist_name
O O O O O B-artist_name
O O O O O B-artist_name
O O O O O B-artist_name I-artist_name
O O O B-volume_level_absolute
O O O O O O B-volume_level_absolute
O O O O O O O O O B-room I-room O B-brightness O
O O O O O B-artist_name
O O O O O B-artist_name I-artist_name
O O O O O B-artist_name
O O O O O B-artist_name I-artist_name
O O O O B-volume_level_percent
O O O O O B-artist_name
O O O B-volume_level_absolute
O O O O O B-artist_name
O O O O O B-artist_name I-artist_name I-artist_name
O O O O O B-artist_name I-artist_name
O O O O O B-artist_name
O O O O O B-artist_name I-artist_name
O O O B-color
O O O O O B-artist_name I-artist_name I-artist_name I-artist_name
O O O O O B-room O O B-brightness O
O O O O O B-artist_name I-artist_name I-artist_name
O O O O O B-artist_name I-artist_name
O O O O O O B-room O O
O O O O O B-artist_name I-artist_name
O O O O O B-artist_name I-artist_name
O O O O B-room O O O B-brightness I-brightness
O O O O O B-artist_name
O O O O B-volume_level_absolute
O O O O O B-volume_level_absolute
O O O O O B-artist_name
O O O O O O O O B-brightness
O O O B-room I-room O O O O O B-brightness
O O O O O B-artist_name I-artist_name
O B-album_name I-album_name I-album_name I-album_name I-album_name O B-playlist_mode
O O O O B-room O O B-brightness
O O O B-volume_level_percent
O O O O O B-artist_name
O O O O O B-artist_name I-artist_name
O B-artist_name I-artist_name
